<?xml version="1.0" encoding="utf-8"?><testsuites name="pytest tests"><testsuite name="pytest" errors="0" failures="0" skipped="0" tests="31" time="4.645" timestamp="2026-09-14T17:28:42.062751+03:00" hostname="localhost"><testcase classname="tests.test_app" name="test_validation_and_stale_result_removal" time="0.735" /><testcase classname="tests.test_app" name="test_all_15_patterns_in_streamlit" time="1.348" /><testcase classname="tests.test_app" name="test_reference_present_missing_and_withheld" time="0.460" /><testcase classname="tests.test_app" name="test_model_data_page" time="0.510" /><testcase classname="tests.test_project" name="test_raw_source_and_class_scope" time="0.012" /><testcase classname="tests.test_project" name="test_holdout_and_cv_groups_are_disjoint" time="0.043" /><testcase classname="tests.test_project" name="test_feature_contract_is_symptom_only" time="0.012" /><testcase classname="tests.test_project" name="test_invalid_inputs_rejected[bad0]" time="0.001" /><testcase classname="tests.test_project" name="test_invalid_inputs_rejected[bad1]" time="0.000" /><testcase classname="tests.test_project" name="test_invalid_inputs_rejected[bad2]" time="0.000" /><testcase classname="tests.test_project" name="test_invalid_inputs_rejected[cough]" time="0.000" /><testcase classname="tests.test_project" name="test_invalid_inputs_rejected[bad4]" time="0.000" /><testcase classname="tests.test_project" name="test_every_nonempty_pattern[bits0]" time="0.015" /><testcase classname="tests.test_project" name="test_every_nonempty_pattern[bits1]" time="0.017" /><testcase classname="tests.test_project" name="test_every_nonempty_pattern[bits2]" time="0.015" /><testcase classname="tests.test_project" name="test_every_nonempty_pattern[bits3]" time="0.014" /><testcase classname="tests.test_project" name="test_every_nonempty_pattern[bits4]" time="0.015" /><testcase classname="tests.test_project" name="test_every_nonempty_pattern[bits5]" time="0.015" /><testcase classname="tests.test_project" name="test_every_nonempty_pattern[bits6]" time="0.019" /><testcase classname="tests.test_project" name="test_every_nonempty_pattern[bits7]" time="0.014" /><testcase classname="tests.test_project" name="test_every_nonempty_pattern[bits8]" time="0.015" /><testcase classname="tests.test_project" name="test_every_nonempty_pattern[bits9]" time="0.015" /><testcase classname="tests.test_project" name="test_every_nonempty_pattern[bits10]" time="0.033" /><testcase classname="tests.test_project" name="test_every_nonempty_pattern[bits11]" time="0.017" /><testcase classname="tests.test_project" name="test_every_nonempty_pattern[bits12]" time="0.014" /><testcase classname="tests.test_project" name="test_every_nonempty_pattern[bits13]" time="0.016" /><testcase classname="tests.test_project" name="test_every_nonempty_pattern[bits14]" time="0.017" /><testcase classname="tests.test_project" name="test_holdout_metrics_and_saved_model_agree" time="0.016" /><testcase classname="tests.test_project" name="test_all_displayed_references_are_source_grounded" time="0.001" /><testcase classname="tests.test_project" name="test_missing_reference_is_explicit" time="0.002" /><testcase classname="tests.test_project" name="test_corrupt_or_missing_model_is_rejected" time="0.006" /></testsuite></testsuites>